[0m21:34:25.914667 [debug] [MainThread]: Sending event: {'category': 'dbt', 'action': 'invocation', 'label': 'start', 'context': [<snowplow_tracker.self_describing_json.SelfDescribingJson object at 0x7c72761f6f00>, <snowplow_tracker.self_describing_json.SelfDescribingJson object at 0x7c727681d460>, <snowplow_tracker.self_describing_json.SelfDescribingJson object at 0x7c72777d8380>]}


============================== 21:34:25.919940 | 04f6d7b6-9777-4bd4-853c-804585a531e6 ==============================
[0m21:34:25.919940 [info ] [MainThread]: Running with dbt=1.9.0
[0m21:34:25.920450 [debug] [MainThread]: running dbt with arguments {'printer_width': '80', 'indirect_selection': 'eager', 'log_cache_events': 'False', 'write_json': 'True', 'partial_parse': 'True', 'cache_selected_only': 'False', 'profiles_dir': '/root/.dbt', 'fail_fast': 'False', 'version_check': 'True', 'log_path': 'logs', 'debug': 'False', 'warn_error': 'None', 'use_colors': 'True', 'use_experimental_parser': 'False', 'no_print': 'None', 'quiet': 'False', 'empty': 'None', 'warn_error_options': 'WarnErrorOptions(include=[], exclude=[])', 'introspect': 'True', 'log_format': 'default', 'invocation_command': 'dbt init my_project', 'target_path': 'None', 'static_parser': 'True', 'send_anonymous_usage_stats': 'True'}
[0m21:34:25.972894 [warn ] [MainThread]: [ConfigFolderDirectory]: Unable to parse logging event dictionary. Failed to parse dir field: expected string or bytes-like object, got 'PosixPath'.. Dictionary: {'dir': PosixPath('/root/.dbt')}
[0m21:34:25.973319 [info ] [MainThread]: Creating dbt configuration folder at 
[0m21:34:25.974968 [debug] [MainThread]: Starter project path: /usr/local/lib/python3.12/site-packages/dbt/include/starter_project
[0m21:34:25.979704 [info ] [MainThread]: 
Your new dbt project "my_project" was created!

For more information on how to configure the profiles.yml file,
please consult the dbt documentation here:

  https://docs.getdbt.com/docs/configure-your-profile

One more thing:

Need help? Don't hesitate to reach out to us via GitHub issues or on Slack:

  https://community.getdbt.com/

Happy modeling!

[0m21:34:25.980022 [info ] [MainThread]: Setting up your profile.
[0m21:34:57.829769 [info ] [MainThread]: Profile my_project written to /root/.dbt/profiles.yml using target's profile_template.yml and your supplied values. Run 'dbt debug' to validate the connection.
[0m21:34:57.830813 [debug] [MainThread]: Resource report: {"command_name": "init", "command_success": true, "command_wall_clock_time": 31.947971, "process_in_blocks": "0", "process_kernel_time": 0.22365, "process_mem_max_rss": "93108", "process_out_blocks": "1544", "process_user_time": 0.858657}
[0m21:34:57.831193 [debug] [MainThread]: Command `dbt init` succeeded at 21:34:57.831116 after 31.95 seconds
[0m21:34:57.831447 [debug] [MainThread]: Sending event: {'category': 'dbt', 'action': 'invocation', 'label': 'end', 'context': [<snowplow_tracker.self_describing_json.SelfDescribingJson object at 0x7c72777d8380>, <snowplow_tracker.self_describing_json.SelfDescribingJson object at 0x7c727588af30>, <snowplow_tracker.self_describing_json.SelfDescribingJson object at 0x7c7275e5a870>]}
[0m21:34:57.831719 [debug] [MainThread]: Flushing usage events
[0m21:34:57.917641 [debug] [MainThread]: An error was encountered while trying to flush usage events
